main.c:107:5:main	64	static
main.c:215:6:SystemClock_Config	88	static
main.c:259:13:MX_ADC1_Init	24	static
main.c:309:13:MX_CAN1_Init	8	static
main.c:362:13:MX_I2C1_Init	8	static
main.c:396:13:MX_TIM2_Init	64	static
main.c:455:13:MX_TIM4_Init	32	static
main.c:500:13:MX_GPIO_Init	48	static
main.c:553:10:ReadTemp	24	static
main.c:584:10:readingpressure	16	static
main.c:611:7:readdistance	24	static
main.c:647:6:Delay_us	16	static
main.c:658:7:pressure	16	static
main.c:684:6:Error_Handler	4	static,ignoring_inline_asm
